<html>
<body>
<pre>
<h1>µVision Build Log</h1>
<h2>Project:</h2>
C:\Users\moi\Documents\µcontrolleur\FORESTE_LEMOUCHEUX_Projet_MC\FOREST_LEMOUCHEUX_projet_MC\AfficheurTournant_Partie3_Exo31\MDK-ARM\AfficheurTournant_Partie3_Exo31.uvproj
Project File Date:  04/03/2020

<h2>Output:</h2>
Rebuild target 'AfficheurTournant_Partie3_Exo31'
assembling startup_stm32f051x8.s...
compiling stm32f0xx_hal_flash_ex.c...
compiling stm32f0xx_hal_pwr_ex.c...
compiling stm32f0xx_hal_tim.c...
compiling stm32f0xx_hal.c...
compiling stm32f0xx_hal_pwr.c...
compiling stm32f0xx_hal_flash.c...
compiling stm32f0xx_hal_rcc_ex.c...
compiling stm32f0xx_hal_cortex.c...
compiling stm32f0xx_hal_tim_ex.c...
compiling stm32f0xx_hal_i2c.c...
compiling stm32f0xx_hal_gpio.c...
compiling stm32f0xx_hal_i2c_ex.c...
compiling stm32f0xx_hal_dma.c...
compiling stm32f0xx_hal_rcc.c...
compiling system_stm32f0xx.c...
compiling stm32f0xx_hal_msp.c...
compiling stm32f0xx_it.c...
compiling main.c...
linking...
Program Size: Code=4460 RO-data=236 RW-data=208 ZI-data=1152  
"AfficheurTournant_Partie3_Exo31\AfficheurTournant_Partie3_Exo31.axf" - 0 Error(s), 0 Warning(s).
